dataset/UKhousing/ealing.csv
"Name","URI","Region GSS code","Period","Sales volume","Reporting period","Average price All property types","Average price Detached houses","Average price Semi-detached houses","Average price Terraced houses","Average price Flats and maisonettes","Pivotable date"
Ealing,http://landregistry.data.gov.uk/id/region/ealing,E09000009,2004-01,502,monthly,229859,508169,305895,241704,200789,2004-01-01
Ealing,http://landregistry.data.gov.uk/id/region/ealing,E09000009,2004-02,510,monthly,230519,509976,306564,242585,201291,2004-02-01
Ealing,http://landregistry.data.gov.uk/id/region/ealing,E09000009,2004-03,567,monthly,231657,512465,307616,244158,202148,2004-03-01
Ealing,http://landregistry.data.gov.uk/id/region/ealing,E09000009,2004-04,554,monthly,234888,514348,310922,248304,204886,2004-04-01
Ealing,http://landregistry.data.gov.uk/id/region/ealing,E09000009,2004-05,468,monthly,238668,516817,314580,252754,208419,2004-05-01
Ealing,http://landregistry.data.gov.uk/id/region/ealing,E09000009,2004-06,595,monthly,243308,524198,320351,257566,212702,2004-06-01
Ealing,http://landregistry.data.gov.uk/id/region/ealing,E09000009,2004-07,628,monthly,246214,531711,324895,260766,214915,2004-07-01
Ealing,http://landregistry.data.gov.uk/id/region/ealing,E09000009,2004-08,521,monthly,248541,538948,328260,263237,216804,2004-08-01
Ealing,http://landregistry.data.gov.uk/id/region/ealing,E09000009,2004-09,450,monthly,248637,543140,329360,263610,216321,2004-09-01
Ealing,http://landregistry.data.gov.uk/id/region/ealing,E09000009,2004-10,454,monthly,246355,536147,324928,260829,215050,2004-10-01
Ealing,http://landregistry.data.gov.uk/id/region/ealing,E09000009,2004-11,393,monthly,247226,536945,325605,261592,216087,2004-11-01
Ealing,http://landregistry.data.gov.uk/id/region/ealing,E09000009,2004-12,366,monthly,246591,530245,323310,260904,216108,2004-12-01
Ealing,http://landregistry.data.gov.uk/id/region/ealing,E09000009,2005-01,271,monthly,244937,526411,320827,259589,214474,2005-01-01
Ealing,http://landregistry.data.gov.uk/id/region/ealing,E09000009,2005-02,271,monthly,241052,517189,316432,255702,210718,2005-02-01
Ealing,http://landregistry.data.gov.uk/id/region/ealing,E09000009,2005-03,354,monthly,239429,513678,314793,254546,208769,2005-03-01
Ealing,http://landregistry.data.gov.uk/id/region/ealing,E09000009,2005-04,374,monthly,242940,518346,319973,258815,211359,2005-04-01
Ealing,http://landregistry.data.gov.uk/id/region/ealing,E09000009,2005-05,367,monthly,244911,520724,321669,261269,213163,2005-05-01
Ealing,http://landregistry.data.gov.uk/id/region/ealing,E09000009,2005-06,424,monthly,245663,521553,321886,262673,213683,2005-06-01
Ealing,http://landregistry.data.gov.uk/id/region/ealing,E09000009,2005-07,432,monthly,247401,526627,324450,264621,215018,2005-07-01
Ealing,http://landregistry.data.gov.uk/id/region/ealing,E09000009,2005-08,490,monthly,248384,530799,325757,266153,215509,2005-08-01
Ealing,http://landregistry.data.gov.uk/id/region/ealing,E09000009,2005-09,508,monthly,249674,535551,328380,267512,216307,2005-09-01
Ealing,http://landregistry.data.gov.uk/id/region/ealing,E09000009,2005-10,441,monthly,246674,527812,323795,264177,214014,2005-10-01
Ealing,http://landregistry.data.gov.uk/id/region/ealing,E09000009,2005-11,474,monthly,243406,518167,319811,260716,211111,2005-11-01
Ealing,http://landregistry.data.gov.uk/id/region/ealing,E09000009,2005-12,475,monthly,243992,515336,319199,261072,212324,2005-12-01
Ealing,http://landregistry.data.gov.uk/id/region/ealing,E09000009,2006-01,421,monthly,247594,524854,323908,265479,215059,2006-01-01
Ealing,http://landregistry.data.gov.uk/id/region/ealing,E09000009,2006-02,387,monthly,251239,532520,328166,269350,218346,2006-02-01
Ealing,http://landregistry.data.gov.uk/id/region/ealing,E09000009,2006-03,500,monthly,250284,533836,328324,269010,216575,2006-03-01
Ealing,http://landregistry.data.gov.uk/id/region/ealing,E09000009,2006-04,443,monthly,251679,534938,329741,270822,217759,2006-04-01
Ealing,http://landregistry.data.gov.uk/id/region/ealing,E09000009,2006-05,431,monthly,255038,543413,334260,274600,220517,2006-05-01
Ealing,http://landregistry.data.gov.uk/id/region/ealing,E09000009,2006-06,552,monthly,259625,552050,339713,279632,224600,2006-06-01
Ealing,http://landregistry.data.gov.uk/id/region/ealing,E09000009,2006-07,619,monthly,261997,558519,343574,282722,226150,2006-07-01
Ealing,http://landregistry.data.gov.uk/id/region/ealing,E09000009,2006-08,664,monthly,265047,565267,347615,286912,228288,2006-08-01
Ealing,http://landregistry.data.gov.uk/id/region/ealing,E09000009,2006-09,600,monthly,269299,577329,353747,291578,231712,2006-09-01
Ealing,http://landregistry.data.gov.uk/id/region/ealing,E09000009,2006-10,639,monthly,270345,579577,354743,292245,232951,2006-10-01
Ealing,http://landregistry.data.gov.uk/id/region/ealing,E09000009,2006-11,617,monthly,269520,577783,354065,291217,232213,2006-11-01
Ealing,http://landregistry.data.gov.uk/id/region/ealing,E09000009,2006-12,609,monthly,270808,578658,355472,292791,233337,2006-12-01
Ealing,http://landregistry.data.gov.uk/id/region/ealing,E09000009,2007-01,521,monthly,273569,585821,359456,295989,235486,2007-01-01
Ealing,http://landregistry.data.gov.uk/id/region/ealing,E09000009,2007-02,468,monthly,279643,598784,366965,301685,241254,2007-02-01
Ealing,http://landregistry.data.gov.uk/id/region/ealing,E09000009,2007-03,587,monthly,282097,604297,370402,304823,243060,2007-03-01
Ealing,http://landregistry.data.gov.uk/id/region/ealing,E09000009,2007-04,450,monthly,286146,611879,375164,309980,246316,2007-04-01
Ealing,http://landregistry.data.gov.uk/id/region/ealing,E09000009,2007-05,540,monthly,286842,611567,375132,311596,246744,2007-05-01
Ealing,http://landregistry.data.gov.uk/id/region/ealing,E09000009,2007-06,642,monthly,289264,617154,377987,314107,248951,2007-06-01
Ealing,http://landregistry.data.gov.uk/id/region/ealing,E09000009,2007-07,559,monthly,295486,633399,386517,320816,254172,2007-07-01
Ealing,http://landregistry.data.gov.uk/id/region/ealing,E09000009,2007-08,610,monthly,300586,648703,394394,327423,257663,2007-08-01
Ealing,http://landregistry.data.gov.uk/id/region/ealing,E09000009,2007-09,467,monthly,305955,664836,402374,333131,262024,2007-09-01
Ealing,http://landregistry.data.gov.uk/id/region/ealing,E09000009,2007-10,511,monthly,307579,666623,403306,334292,264025,2007-10-01
Ealing,http://landregistry.data.gov.uk/id/region/ealing,E09000009,2007-11,445,monthly,309936,674651,406688,335792,266440,2007-11-01
Ealing,http://landregistry.data.gov.uk/id/region/ealing,E09000009,2007-12,358,monthly,308303,668412,403374,333731,265504,2007-12-01
Ealing,http://landregistry.data.gov.uk/id/region/ealing,E09000009,2008-01,336,monthly,310173,675859,406391,335551,267013,2008-01-01
Ealing,http://landregistry.data.gov.uk/id/region/ealing,E09000009,2008-02,310,monthly,305649,663969,400851,330772,262982,2008-02-01
Ealing,http://landregistry.data.gov.uk/id/region/ealing,E09000009,2008-03,276,monthly,307788,668435,404839,333986,264045,2008-03-01
Ealing,http://landregistry.data.gov.uk/id/region/ealing,E09000009,2008-04,269,monthly,300884,653982,396506,327607,257326,2008-04-01
Ealing,http://landregistry.data.gov.uk/id/region/ealing,E09000009,2008-05,253,monthly,304014,660269,400546,331606,259716,2008-05-01
Ealing,http://landregistry.data.gov.uk/id/region/ealing,E09000009,2008-06,209,monthly,299363,650360,393921,326687,255779,2008-06-01
Ealing,http://landregistry.data.gov.uk/id/region/ealing,E09000009,2008-07,255,monthly,297370,646407,392042,324265,254018,2008-07-01
Ealing,http://landregistry.data.gov.uk/id/region/ealing,E09000009,2008-08,185,monthly,293303,639475,386601,319691,250600,2008-08-01
Ealing,http://landregistry.data.gov.uk/id/region/ealing,E09000009,2008-09,165,monthly,293399,645114,386454,319300,250913,2008-09-01
Ealing,http://landregistry.data.gov.uk/id/region/ealing,E09000009,2008-10,176,monthly,286906,629740,376184,311731,246081,2008-10-01
Ealing,http://landregistry.data.gov.uk/id/region/ealing,E09000009,2008-11,120,monthly,279322,613908,366186,303322,239666,2008-11-01
Ealing,http://landregistry.data.gov.uk/id/region/ealing,E09000009,2008-12,166,monthly,265723,581383,349079,288959,227651,2008-12-01
Ealing,http://landregistry.data.gov.uk/id/region/ealing,E09000009,2009-01,96,monthly,257539,567793,339321,279791,220453,2009-01-01
Ealing,http://landregistry.data.gov.uk/id/region/ealing,E09000009,2009-02,105,monthly,253953,558338,334889,275447,217592,2009-02-01
Ealing,http://landregistry.data.gov.uk/id/region/ealing,E09000009,2009-03,116,monthly,251130,550477,330740,271695,215721,2009-03-01
Ealing,http://landregistry.data.gov.uk/id/region/ealing,E09000009,2009-04,143,monthly,250917,541189,330222,272330,215250,2009-04-01
Ealing,http://landregistry.data.gov.uk/id/region/ealing,E09000009,2009-05,161,monthly,251077,539962,329965,273670,214755,2009-05-01
Ealing,http://landregistry.data.gov.uk/id/region/ealing,E09000009,2009-06,212,monthly,255022,547940,335194,279334,217145,2009-06-01
Ealing,http://landregistry.data.gov.uk/id/region/ealing,E09000009,2009-07,248,monthly,263724,570431,348019,289931,223195,2009-07-01
Ealing,http://landregistry.data.gov.uk/id/region/ealing,E09000009,2009-08,227,monthly,268788,583273,356037,296107,226524,2009-08-01
Ealing,http://landregistry.data.gov.uk/id/region/ealing,E09000009,2009-09,237,monthly,277406,603747,368414,306088,233052,2009-09-01
Ealing,http://landregistry.data.gov.uk/id/region/ealing,E09000009,2009-10,268,monthly,280529,612662,373444,309537,235308,2009-10-01
Ealing,http://landregistry.data.gov.uk/id/region/ealing,E09000009,2009-11,243,monthly,278843,611144,371019,308605,233250,2009-11-01
Ealing,http://landregistry.data.gov.uk/id/region/ealing,E09000009,2009-12,312,monthly,279575,610157,372375,309810,233525,2009-12-01
Ealing,http://landregistry.data.gov.uk/id/region/ealing,E09000009,2010-01,231,monthly,283234,618757,377977,315279,235344,2010-01-01
Ealing,http://landregistry.data.gov.uk/id/region/ealing,E09000009,2010-02,207,monthly,287882,628054,386252,320765,238291,2010-02-01
Ealing,http://landregistry.data.gov.uk/id/region/ealing,E09000009,2010-03,254,monthly,288740,633218,387658,321556,238747,2010-03-01
Ealing,http://landregistry.data.gov.uk/id/region/ealing,E09000009,2010-04,246,monthly,285639,624333,383047,317612,236639,2010-04-01
Ealing,http://landregistry.data.gov.uk/id/region/ealing,E09000009,2010-05,230,monthly,286726,625960,383517,318489,238030,2010-05-01
Ealing,http://landregistry.data.gov.uk/id/region/ealing,E09000009,2010-06,284,monthly,287130,626631,384461,319851,237728,2010-06-01
Ealing,http://landregistry.data.gov.uk/id/region/ealing,E09000009,2010-07,306,monthly,293318,646690,393313,327796,241941,2010-07-01
Ealing,http://landregistry.data.gov.uk/id/region/ealing,E09000009,2010-08,266,monthly,298161,659512,401039,334213,244962,2010-08-01
Ealing,http://landregistry.data.gov.uk/id/region/ealing,E09000009,2010-09,311,monthly,301225,671235,406008,338052,246891,2010-09-01
Ealing,http://landregistry.data.gov.uk/id/region/ealing,E09000009,2010-10,265,monthly,302710,672675,408494,339310,248244,2010-10-01
Ealing,http://landregistry.data.gov.uk/id/region/ealing,E09000009,2010-11,297,monthly,299906,668901,404514,335384,246386,2010-11-01
Ealing,http://landregistry.data.gov.uk/id/region/ealing,E09000009,2010-12,272,monthly,299238,666317,404284,334154,245944,2010-12-01
Ealing,http://landregistry.data.gov.uk/id/region/ealing,E09000009,2011-01,191,monthly,299150,670566,404331,333809,245863,2011-01-01
Ealing,http://landregistry.data.gov.uk/id/region/ealing,E09000009,2011-02,218,monthly,301738,680945,408078,336274,248082,2011-02-01
Ealing,http://landregistry.data.gov.uk/id/region/ealing,E09000009,2011-03,224,monthly,299740,683603,405119,334190,246250,2011-03-01
Ealing,http://landregistry.data.gov.uk/id/region/ealing,E09000009,2011-04,225,monthly,300859,684844,406456,335354,247307,2011-04-01
Ealing,http://landregistry.data.gov.uk/id/region/ealing,E09000009,2011-05,227,monthly,298099,670894,400852,332432,245704,2011-05-01
Ealing,http://landregistry.data.gov.uk/id/region/ealing,E09000009,2011-06,222,monthly,302247,671314,405729,336772,249757,2011-06-01
Ealing,http://landregistry.data.gov.uk/id/region/ealing,E09000009,2011-07,296,monthly,303832,671319,407392,338616,251256,2011-07-01
Ealing,http://landregistry.data.gov.uk/id/region/ealing,E09000009,2011-08,285,monthly,307331,685938,415102,343577,252453,2011-08-01
Ealing,http://landregistry.data.gov.uk/id/region/ealing,E09000009,2011-09,280,monthly,307754,692716,416860,344856,251807,2011-09-01
Ealing,http://landregistry.data.gov.uk/id/region/ealing,E09000009,2011-10,279,monthly,304246,690061,414001,341060,248174,2011-10-01
Ealing,http://landregistry.data.gov.uk/id/region/ealing,E09000009,2011-11,280,monthly,299592,678532,406723,334864,245260,2011-11-01
Ealing,http://landregistry.data.gov.uk/id/region/ealing,E09000009,2011-12,284,monthly,303095,682892,410766,338323,248705,2011-12-01
Ealing,http://landregistry.data.gov.uk/id/region/ealing,E09000009,2012-01,229,monthly,304690,685212,413300,340520,249701,2012-01-01
Ealing,http://landregistry.data.gov.uk/id/region/ealing,E09000009,2012-02,194,monthly,308315,696633,419157,345596,251687,2012-02-01
Ealing,http://landregistry.data.gov.uk/id/region/ealing,E09000009,2012-03,300,monthly,305323,689427,415294,342198,249081,2012-03-01
Ealing,http://landregistry.data.gov.uk/id/region/ealing,E09000009,2012-04,173,monthly,304805,686234,412919,341318,249246,2012-04-01
Ealing,http://landregistry.data.gov.uk/id/region/ealing,E09000009,2012-05,268,monthly,310931,693504,419628,348069,254829,2012-05-01
Ealing,http://landregistry.data.gov.uk/id/region/ealing,E09000009,2012-06,279,monthly,321734,717675,433461,361828,262986,2012-06-01
Ealing,http://landregistry.data.gov.uk/id/region/ealing,E09000009,2012-07,302,monthly,329312,738655,444284,371378,268409,2012-07-01
Ealing,http://landregistry.data.gov.uk/id/region/ealing,E09000009,2012-08,312,monthly,330626,744907,446469,374497,268460,2012-08-01
Ealing,http://landregistry.data.gov.uk/id/region/ealing,E09000009,2012-09,252,monthly,326083,736840,441526,369069,264591,2012-09-01
Ealing,http://landregistry.data.gov.uk/id/region/ealing,E09000009,2012-10,307,monthly,325862,732571,440508,368574,264792,2012-10-01
Ealing,http://landregistry.data.gov.uk/id/region/ealing,E09000009,2012-11,331,monthly,329404,739435,445222,372215,267901,2012-11-01
Ealing,http://landregistry.data.gov.uk/id/region/ealing,E09000009,2012-12,290,monthly,327288,735607,442076,369978,266143,2012-12-01
Ealing,http://landregistry.data.gov.uk/id/region/ealing,E09000009,2013-01,264,monthly,325025,735048,442023,367472,263491,2013-01-01
Ealing,http://landregistry.data.gov.uk/id/region/ealing,E09000009,2013-02,274,monthly,322278,732220,439751,364005,261015,2013-02-01
Ealing,http://landregistry.data.gov.uk/id/region/ealing,E09000009,2013-03,320,monthly,321594,732134,439176,362806,260518,2013-03-01
Ealing,http://landregistry.data.gov.uk/id/region/ealing,E09000009,2013-04,256,monthly,328639,745983,445577,371378,266641,2013-04-01
Ealing,http://landregistry.data.gov.uk/id/region/ealing,E09000009,2013-05,287,monthly,331103,749601,448325,374120,268833,2013-05-01
Ealing,http://landregistry.data.gov.uk/id/region/ealing,E09000009,2013-06,316,monthly,340097,769147,460903,385084,275689,2013-06-01
Ealing,http://landregistry.data.gov.uk/id/region/ealing,E09000009,2013-07,371,monthly,344200,777288,467022,390138,278733,2013-07-01
Ealing,http://landregistry.data.gov.uk/id/region/ealing,E09000009,2013-08,390,monthly,347294,785159,471555,394504,280734,2013-08-01
Ealing,http://landregistry.data.gov.uk/id/region/ealing,E09000009,2013-09,342,monthly,348839,791649,474021,395972,281968,2013-09-01
Ealing,http://landregistry.data.gov.uk/id/region/ealing,E09000009,2013-10,375,monthly,345781,785938,470319,392082,279572,2013-10-01
Ealing,http://landregistry.data.gov.uk/id/region/ealing,E09000009,2013-11,329,monthly,349247,791564,474644,395574,282722,2013-11-01
Ealing,http://landregistry.data.gov.uk/id/region/ealing,E09000009,2013-12,324,monthly,352969,793174,479090,399685,286087,2013-12-01
Ealing,http://landregistry.data.gov.uk/id/region/ealing,E09000009,2014-01,301,monthly,364514,820330,495895,412257,295420,2014-01-01
Ealing,http://landregistry.data.gov.uk/id/region/ealing,E09000009,2014-02,274,monthly,370620,837204,505058,418689,300338,2014-02-01
Ealing,http://landregistry.data.gov.uk/id/region/ealing,E09000009,2014-03,287,monthly,377756,855198,514558,426645,306147,2014-03-01
Ealing,http://landregistry.data.gov.uk/id/region/ealing,E09000009,2014-04,293,monthly,384904,869842,523550,435324,311842,2014-04-01
Ealing,http://landregistry.data.gov.uk/id/region/ealing,E09000009,2014-05,254,monthly,395085,888178,536430,447554,320057,2014-05-01
Ealing,http://landregistry.data.gov.uk/id/region/ealing,E09000009,2014-06,285,monthly,405196,908788,549895,459842,327964,2014-06-01
Ealing,http://landregistry.data.gov.uk/id/region/ealing,E09000009,2014-07,293,monthly,413032,925374,561075,469458,333894,2014-07-01
Ealing,http://landregistry.data.gov.uk/id/region/ealing,E09000009,2014-08,349,monthly,422701,950480,575699,481257,340974,2014-08-01
Ealing,http://landregistry.data.gov.uk/id/region/ealing,E09000009,2014-09,288,monthly,423808,956877,578928,482207,341583,2014-09-01
Ealing,http://landregistry.data.gov.uk/id/region/ealing,E09000009,2014-10,318,monthly,416777,942139,569825,473153,336275,2014-10-01
Ealing,http://landregistry.data.gov.uk/id/region/ealing,E09000009,2014-11,276,monthly,413242,934361,564906,468148,333885,2014-11-01
Ealing,http://landregistry.data.gov.uk/id/region/ealing,E09000009,2014-12,284,monthly,412835,931756,563355,466925,334140,2014-12-01
Ealing,http://landregistry.data.gov.uk/id/region/ealing,E09000009,2015-01,289,monthly,412383,930581,562608,466356,333830,2015-01-01
Ealing,http://landregistry.data.gov.uk/id/region/ealing,E09000009,2015-02,213,monthly,412002,930741,561755,464836,334051,2015-02-01
