dataset/UKhousing/ealing.csv
"Name","URI","Region GSS code","Period","Sales volume","Reporting period","Average price All property types","Average price Detached houses","Average price Semi-detached houses","Average price Terraced houses","Average price Flats and maisonettes","Pivotable date"
Ealing,http://landregistry.data.gov.uk/id/region/ealing,E09000009,2015-03,283,monthly,411636,929957,561185,464073,333890,2015-03-01
Ealing,http://landregistry.data.gov.uk/id/region/ealing,E09000009,2015-04,269,monthly,418826,947856,571284,472514,339492,2015-04-01
Ealing,http://landregistry.data.gov.uk/id/region/ealing,E09000009,2015-05,294,monthly,422372,951999,576443,477070,342136,2015-05-01
Ealing,http://landregistry.data.gov.uk/id/region/ealing,E09000009,2015-06,365,monthly,430234,971784,589284,488264,347076,2015-06-01
Ealing,http://landregistry.data.gov.uk/id/region/ealing,E09000009,2015-07,381,monthly,439529,990023,602203,499406,354332,2015-07-01
Ealing,http://landregistry.data.gov.uk/id/region/ealing,E09000009,2015-08,340,monthly,445829,1005572,611547,507916,358670,2015-08-01
Ealing,http://landregistry.data.gov.uk/id/region/ealing,E09000009,2015-09,306,monthly,453923,1029015,622950,515987,365532,2015-09-01
Ealing,http://landregistry.data.gov.uk/id/region/ealing,E09000009,2015-10,326,monthly,462653,1052007,636264,526068,372199,2015-10-01
Ealing,http://landregistry.data.gov.uk/id/region/ealing,E09000009,2015-11,273,monthly,474405,1081396,653184,539105,381610,2015-11-01
Ealing,http://landregistry.data.gov.uk/id/region/ealing,E09000009,2015-12,330,monthly,475935,1082141,655361,540933,382839,2015-12-01
Ealing,http://landregistry.data.gov.uk/id/region/ealing,E09000009,2016-01,255,monthly,470507,1067801,648944,534205,378562,2016-01-01
Ealing,http://landregistry.data.gov.uk/id/region/ealing,E09000009,2016-02,245,monthly,471280,1072463,651388,534766,379024,2016-02-01
Ealing,http://landregistry.data.gov.uk/id/region/ealing,E09000009,2016-03,557,monthly,473105,1078971,653486,536504,380670,2016-03-01
Ealing,http://landregistry.data.gov.uk/id/region/ealing,E09000009,2016-04,150,monthly,477227,1085870,656208,541599,384381,2016-04-01
Ealing,http://landregistry.data.gov.uk/id/region/ealing,E09000009,2016-05,200,monthly,469890,1055615,640973,532348,380051,2016-05-01
Ealing,http://landregistry.data.gov.uk/id/region/ealing,E09000009,2016-06,247,monthly,477207,1066740,649685,539993,386576,2016-06-01
Ealing,http://landregistry.data.gov.uk/id/region/ealing,E09000009,2016-07,217,monthly,478453,1068596,651747,541263,387596,2016-07-01
Ealing,http://landregistry.data.gov.uk/id/region/ealing,E09000009,2016-08,276,monthly,483847,1086332,660930,547969,391261,2016-08-01
Ealing,http://landregistry.data.gov.uk/id/region/ealing,E09000009,2016-09,291,monthly,477486,1070300,653129,540917,385922,2016-09-01
Ealing,http://landregistry.data.gov.uk/id/region/ealing,E09000009,2016-10,197,monthly,477266,1072027,652819,538299,386744,2016-10-01
Ealing,http://landregistry.data.gov.uk/id/region/ealing,E09000009,2016-11,269,monthly,475630,1072537,650296,535044,386014,2016-11-01
Ealing,http://landregistry.data.gov.uk/id/region/ealing,E09000009,2016-12,272,monthly,485390,1095816,662117,544767,394742,2016-12-01
Ealing,http://landregistry.data.gov.uk/id/region/ealing,E09000009,2017-01,200,monthly,489364,1103493,666143,549680,398051,2017-01-01
Ealing,http://landregistry.data.gov.uk/id/region/ealing,E09000009,2017-02,215,monthly,489687,1100090,664231,548231,399647,2017-02-01
Ealing,http://landregistry.data.gov.uk/id/region/ealing,E09000009,2017-03,293,monthly,485942,1092391,657743,542912,397344,2017-03-01
Ealing,http://landregistry.data.gov.uk/id/region/ealing,E09000009,2017-04,195,monthly,482245,1086584,651329,537397,395156,2017-04-01
Ealing,http://landregistry.data.gov.uk/id/region/ealing,E09000009,2017-05,199,monthly,486263,1091833,656593,541138,398892,2017-05-01
Ealing,http://landregistry.data.gov.uk/id/region/ealing,E09000009,2017-06,249,monthly,483875,1081171,651840,538674,397247,2017-06-01
Ealing,http://landregistry.data.gov.uk/id/region/ealing,E09000009,2017-07,248,monthly,489318,1087861,659741,544752,401709,2017-07-01
Ealing,http://landregistry.data.gov.uk/id/region/ealing,E09000009,2017-08,268,monthly,488418,1090259,659761,545857,399695,2017-08-01
Ealing,http://landregistry.data.gov.uk/id/region/ealing,E09000009,2017-09,233,monthly,489068,1096396,663054,546871,399541,2017-09-01
Ealing,http://landregistry.data.gov.uk/id/region/ealing,E09000009,2017-10,217,monthly,482447,1087614,656212,540073,393335,2017-10-01
Ealing,http://landregistry.data.gov.uk/id/region/ealing,E09000009,2017-11,221,monthly,479332,1079028,652752,536285,390815,2017-11-01
Ealing,http://landregistry.data.gov.uk/id/region/ealing,E09000009,2017-12,249,monthly,469146,1055795,639135,525729,382093,2017-12-01
Ealing,http://landregistry.data.gov.uk/id/region/ealing,E09000009,2018-01,216,monthly,473631,1062774,645133,530617,385891,2018-01-01
Ealing,http://landregistry.data.gov.uk/id/region/ealing,E09000009,2018-02,199,monthly,476731,1071428,649977,534147,388238,2018-02-01
Ealing,http://landregistry.data.gov.uk/id/region/ealing,E09000009,2018-03,236,monthly,483878,1084048,660810,542743,393676,2018-03-01
Ealing,http://landregistry.data.gov.uk/id/region/ealing,E09000009,2018-04,211,monthly,481101,1077293,658907,541911,390104,2018-04-01
Ealing,http://landregistry.data.gov.uk/id/region/ealing,E09000009,2018-05,220,monthly,473140,1061408,650128,535189,382268,2018-05-01
Ealing,http://landregistry.data.gov.uk/id/region/ealing,E09000009,2018-06,258,monthly,476828,1073762,657969,539137,384768,2018-06-01
Ealing,http://landregistry.data.gov.uk/id/region/ealing,E09000009,2018-07,257,monthly,478376,1084394,660584,540944,385789,2018-07-01
Ealing,http://landregistry.data.gov.uk/id/region/ealing,E09000009,2018-08,274,monthly,485596,1102318,670532,549070,391606,2018-08-01
Ealing,http://landregistry.data.gov.uk/id/region/ealing,E09000009,2018-09,236,monthly,485266,1104431,669368,549714,390991,2018-09-01
Ealing,http://landregistry.data.gov.uk/id/region/ealing,E09000009,2018-10,217,monthly,481298,1092871,663094,544632,388228,2018-10-01
Ealing,http://landregistry.data.gov.uk/id/region/ealing,E09000009,2018-11,280,monthly,482891,1102193,667364,547027,388798,2018-11-01
Ealing,http://landregistry.data.gov.uk/id/region/ealing,E09000009,2018-12,193,monthly,482300,1097901,667673,544892,388788,2018-12-01
Ealing,http://landregistry.data.gov.uk/id/region/ealing,E09000009,2019-01,186,monthly,483336,1103410,670255,546233,389292,2019-01-01
Ealing,http://landregistry.data.gov.uk/id/region/ealing,E09000009,2019-02,191,monthly,476648,1085927,659936,537249,384739,2019-02-01
Ealing,http://landregistry.data.gov.uk/id/region/ealing,E09000009,2019-03,237,monthly,467017,1066737,646674,528173,376148,2019-03-01
Ealing,http://landregistry.data.gov.uk/id/region/ealing,E09000009,2019-04,186,monthly,461700,1052318,638953,523498,371404,2019-04-01
Ealing,http://landregistry.data.gov.uk/id/region/ealing,E09000009,2019-05,230,monthly,465517,1057831,644939,530278,373340,2019-05-01
Ealing,http://landregistry.data.gov.uk/id/region/ealing,E09000009,2019-06,215,monthly,474053,1075831,657085,540654,379869,2019-06-01
Ealing,http://landregistry.data.gov.uk/id/region/ealing,E09000009,2019-07,253,monthly,474898,1073842,658053,541318,380791,2019-07-01
Ealing,http://landregistry.data.gov.uk/id/region/ealing,E09000009,2019-08,311,monthly,473586,1075546,657039,540722,379110,2019-08-01
Ealing,http://landregistry.data.gov.uk/id/region/ealing,E09000009,2019-09,275,monthly,472132,1074282,653722,539397,378023,2019-09-01
Ealing,http://landregistry.data.gov.uk/id/region/ealing,E09000009,2019-10,257,monthly,475313,1087524,661696,543097,379717,2019-10-01
Ealing,http://landregistry.data.gov.uk/id/region/ealing,E09000009,2019-11,213,monthly,472583,1082530,659012,539829,377356,2019-11-01
Ealing,http://landregistry.data.gov.uk/id/region/ealing,E09000009,2019-12,188,monthly,468962,1076573,656180,536243,373747,2019-12-01
Ealing,http://landregistry.data.gov.uk/id/region/ealing,E09000009,2020-01,220,monthly,467414,1070823,653816,535339,372224,2020-01-01
Ealing,http://landregistry.data.gov.uk/id/region/ealing,E09000009,2020-02,211,monthly,467466,1073469,655362,535539,371841,2020-02-01
Ealing,http://landregistry.data.gov.uk/id/region/ealing,E09000009,2020-03,260,monthly,479008,1100891,672581,548339,380982,2020-03-01
Ealing,http://landregistry.data.gov.uk/id/region/ealing,E09000009,2020-04,121,monthly,476823,1102692,669446,547815,378246,2020-04-01
Ealing,http://landregistry.data.gov.uk/id/region/ealing,E09000009,2020-05,102,monthly,472989,1089163,662761,542367,376021,2020-05-01
Ealing,http://landregistry.data.gov.uk/id/region/ealing,E09000009,2020-06,148,monthly,468324,1071251,656783,538971,371474,2020-06-01
Ealing,http://landregistry.data.gov.uk/id/region/ealing,E09000009,2020-07,148,monthly,473622,1077923,663830,544674,376031,2020-07-01
Ealing,http://landregistry.data.gov.uk/id/region/ealing,E09000009,2020-08,197,monthly,485002,1111538,683020,560666,382996,2020-08-01
Ealing,http://landregistry.data.gov.uk/id/region/ealing,E09000009,2020-09,215,monthly,489048,1131700,690719,566473,385091,2020-09-01
Ealing,http://landregistry.data.gov.uk/id/region/ealing,E09000009,2020-10,229,monthly,488891,1136525,692291,568428,383579,2020-10-01
Ealing,http://landregistry.data.gov.uk/id/region/ealing,E09000009,2020-11,216,monthly,492693,1142943,696488,573593,386516,2020-11-01
Ealing,http://landregistry.data.gov.uk/id/region/ealing,E09000009,2020-12,265,monthly,495655,1149937,701084,577996,388344,2020-12-01
Ealing,http://landregistry.data.gov.uk/id/region/ealing,E09000009,2021-01,205,monthly,497750,1157187,704497,580223,389946,2021-01-01
Ealing,http://landregistry.data.gov.uk/id/region/ealing,E09000009,2021-02,257,monthly,496470,1158204,704271,579172,388308,2021-02-01
Ealing,http://landregistry.data.gov.uk/id/region/ealing,E09000009,2021-03,427,monthly,502835,1174247,713435,587197,392928,2021-03-01
Ealing,http://landregistry.data.gov.uk/id/region/ealing,E09000009,2021-04,254,monthly,508144,1187584,720869,593197,397168,2021-04-01
Ealing,http://landregistry.data.gov.uk/id/region/ealing,E09000009,2021-05,228,monthly,506590,1186192,718650,591557,395813,2021-05-01
Ealing,http://landregistry.data.gov.uk/id/region/ealing,E09000009,2021-06,694,monthly,506340,1186750,719090,593463,394389,2021-06-01
Ealing,http://landregistry.data.gov.uk/id/region/ealing,E09000009,2021-07,52,monthly,510674,1196887,722794,596671,399192,2021-07-01
Ealing,http://landregistry.data.gov.uk/id/region/ealing,E09000009,2021-08,93,monthly,515027,1213020,730866,601764,402042,2021-08-01
Ealing,http://landregistry.data.gov.uk/id/region/ealing,E09000009,2021-09,150,monthly,518596,1226375,735977,603966,405612,2021-09-01
Ealing,http://landregistry.data.gov.uk/id/region/ealing,E09000009,2021-10,,monthly,518083,1238770,740826,604688,403043,2021-10-01
Ealing,http://landregistry.data.gov.uk/id/region/ealing,E09000009,2021-11,,monthly,521284,1245524,747881,608766,404894,2021-11-01
